[sfl.world/index.html]
[backblue.gif]
[fade.gif]
[index.html]
[sfl.world/index.html]
[cdn.jsdelivr.net/npm/bootstrap-icons@1.11.3/font/bootstrap-icons.css]
[cdn.jsdelivr.net/npm/bootstrap-icons@1.11.3/font/bootstrap-icons.css]
[ajax.googleapis.com/ajax/libs/jquery/3.7.1/jquery.min.js]
[mc.yandex.ru/metrika/tag.js]
[sfl.world/favicon.png]
[sfl.world/css/bootstrap.min.css]
[sfl.world/tablesorter-master/dist/css/theme.ice.min.css]
[sfl.world/css/app2de9.css]
[sfl.world/js/bootstrap.bundle.min.js]
[sfl.world/js/js.cookie.min.js]
[sfl.world/js/jquery.sparkline.min.js]
[sfl.world/js/kit.fontawesome.com_4d903c36a7.js]
[sfl.world/tablesorter-master/dist/js/jquery.tablesorter.min.js]
[sfl.world/js/main2de9.js]
[sfl.world/util/p2p-calc]
[sfl.world/util/prices]
[sfl.world/util/factions]
[sfl.world/tools/skills/index.html]
[sfl.world/util/fishing]
[sfl.world/util/flowers]
[sfl.world/util/api]
[sfl.world/info/animals]
[sfl.world/img/animals/Chicken.png]
[sfl.world/info/auctions]
[sfl.world/img/gem.png]
[sfl.world/info/bumpkin]
[sfl.world/assets/icons/xp.png]
[sfl.world/info/chapter]
[sfl.world/img/tickets/s09.png]
[sfl.world/info/chests]
[sfl.world/img/delivery/Treasure Key.png]
[sfl.world/info/const]
[sfl.world/assets/icons/settings.png]
[sfl.world/info/cooking]
[sfl.world/img/delivery/Pizza Margherita.png]
[sfl.world/info/crafting]
[sfl.world/img/Hammer.png]
[sfl.world/info/deliveries]
[sfl.world/img/sfl.png]
[sfl.world/info/fish-xp]
[sfl.world/info/fishing]
[sfl.world/img/delivery/Anchovy.png]
[sfl.world/info/flowers]
[sfl.world/img/flowers/Yellow Pansy.png]
[sfl.world/info/expansion]
[sfl.world/img/land3.png]
[sfl.world/info/skills]
[sfl.world/img/skill/legacy/Seed Specialist.png]
[sfl.world/info/stat]
[sfl.world/assets/icons/world.png]
[sfl.world/top/index.html]
[sfl.world/assets/icons/trophy.png]
[sfl.world/nft/boost]
[sfl.world/assets/icons/lightning.png]
[sfl.world/nft/land]
[sfl.world/assets/sfts/scarecrow.png]
[sfl.world/nft/bumpkin]
[sfl.world/assets/icons/crumple_crown.png]
[sfl.world/info/buds]
[sfl.world/assets/icons/bud.png]
[sfl.world/nft/s09]
[sfl.world/img/banners/s09.webp]
[sfl.world/nft/s08]
[sfl.world/img/banners/s08.webp]
[sfl.world/nft/s07]
[sfl.world/img/banners/s07.webp]
[sfl.world/nft/s06]
[sfl.world/img/banners/s06.webp]
[sfl.world/nft/s05]
[sfl.world/img/banners/s05.gif]
[sfl.world/nft/s04]
[sfl.world/img/banners/s04.webp]
[sfl.world/listings/land/opensea]
[sfl.world/listings/bud/opensea]
[sfl.world/js/collapse2de9.js]
[sfl.world/img/promo/island_example_2048.gif]
[sfl.world/img/plaza/pumpkin' pete.png]
[sfl.world/img/delivery/Yam.png]
[sfl.world/img/delivery/Carrot.png]
[sfl.world/img/plaza/bert.png]
[sfl.world/img/delivery/Honey.png]
[sfl.world/img/delivery/Wild Mushroom.png]
[sfl.world/img/plaza/finley.png]
[sfl.world/img/delivery/Earthworm.png]
[sfl.world/img/delivery/Rod.png]
[sfl.world/img/plaza/raven.png]
[sfl.world/img/delivery/Rice Bun.png]
[sfl.world/img/plaza/miranda.png]
[sfl.world/img/delivery/Cushion.png]
[sfl.world/img/delivery/Fruitful Blend.png]
[sfl.world/img/plaza/finn.png]
[sfl.world/img/delivery/Leather.png]
[sfl.world/img/plaza/pharaoh.png]
[sfl.world/img/delivery/Clam Shell.png]
[sfl.world/img/delivery/Sand Drill.png]
[sfl.world/img/delivery/Sand Shovel.png]
[sfl.world/img/plaza/cornwell.png]
[sfl.world/img/delivery/Boiled Eggs.png]
[sfl.world/img/plaza/timmy.png]
[sfl.world/img/delivery/Apple Juice.png]
[sfl.world/img/plaza/tywin.png]
[sfl.world/img/delivery/Crimsteel.png]
[sfl.world/img/plaza/jester.png]
[sfl.world/img/delivery/Grape.png]
[sfl.world/img/delivery/Olive.png]
[sfl.world/img/delivery/Rice.png]
[sfl.world/img/nft/bump/images/431.png]
[sfl.world/img/nft/land/images/2193.png]
[sfl.world/img/source/Wood.png]
[sfl.world/img/source/Stone.png]
[sfl.world/img/source/Iron.png]
[sfl.world/img/source/Gold.png]
[sfl.world/img/source/Crimstone.png]
[sfl.world/img/source/Egg.png]
[sfl.world/img/source/Honey.png]
[sfl.world/img/source/Leather.png]
[sfl.world/img/source/Wool.png]
[sfl.world/img/source/Merino Wool.png]
[sfl.world/img/source/Feather.png]
[sfl.world/img/source/Milk.png]
[sfl.world/img/source/Grape.png]
[sfl.world/img/source/Rice.png]
[sfl.world/img/source/Olive.png]
[sfl.world/img/source/Tomato.png]
[sfl.world/img/source/Lemon.png]
[sfl.world/img/source/Blueberry.png]
[sfl.world/img/source/Orange.png]
[sfl.world/img/source/Apple.png]
[sfl.world/img/source/Banana.png]
[sfl.world/img/source/Celestine.png]
[sfl.world/img/source/Lunara.png]
[sfl.world/img/source/Duskberry.png]
[sfl.world/img/source/Sunflower.png]
[sfl.world/img/source/Potato.png]
[sfl.world/img/source/Rhubarb.png]
[sfl.world/img/source/Pumpkin.png]
[sfl.world/img/source/Zucchini.png]
[sfl.world/img/source/Carrot.png]
[sfl.world/img/source/Yam.png]
[sfl.world/img/source/Cabbage.png]
[sfl.world/img/source/Broccoli.png]
[sfl.world/img/source/Soybean.png]
[sfl.world/img/source/Beetroot.png]
[sfl.world/img/source/Pepper.png]
[sfl.world/img/source/Cauliflower.png]
[sfl.world/img/source/Parsnip.png]
[sfl.world/img/source/Eggplant.png]
[sfl.world/img/source/Corn.png]
[sfl.world/img/source/Onion.png]
[sfl.world/img/source/Radish.png]
[sfl.world/img/source/Wheat.png]
[sfl.world/img/source/Turnip.png]
[sfl.world/img/source/Kale.png]
[sfl.world/img/source/Artichoke.png]
[sfl.world/img/source/Barley.png]
[sfl.world/img/source/Goblin Emblem.png]
[sfl.world/img/source/Bumpkin Emblem.png]
[sfl.world/img/source/Sunflorian Emblem.png]
[sfl.world/img/source/Nightshade Emblem.png]
[sfl.world/img/coin.png]
